// Jest Snapshot v1, https://goo.gl/fbAQLP

exports[`Pruebas a <CounterApp /> Debe hacer match con el snapshot 1`] = `
<div>
  <h1>
    CounterApp
  </h1>
  <h2>
    10
  </h2>
  <button>
    Incrementar +
  </button>
  <button>
    Disminuir -
  </button>
  <button>
    Resetear
  </button>
</div>
`;
